2020/10/22-19:15 [main] INFO  com.juhe.my01.web.SpringBootAppcationRun- Starting SpringBootAppcationRun on HUAWEI-14 with PID 16888 (D:\Java_Python\Idea_Demo\my01\target\classes started by ZouQi in D:\Java_Python\Idea_Demo\my01)
2020/10/22-19:15 [main] INFO  com.juhe.my01.web.SpringBootAppcationRun- No active profile set, falling back to default profiles: default
2020/10/22-19:15 [main] INFO  org.springframework.boot.web.embedded.tomcat.TomcatWebServer- Tomcat initialized with port(s): 10808 (http)
2020/10/22-19:15 [main] INFO  org.apache.catalina.core.StandardService- Starting service [Tomcat]
2020/10/22-19:15 [main] INFO  org.apache.catalina.core.StandardEngine- Starting Servlet engine: [Apache Tomcat/9.0.24]
2020/10/22-19:15 [main] INFO  org.apache.catalina.core.AprLifecycleListener- Loaded APR based Apache Tomcat Native library [1.2.24] using APR version [1.7.0].
2020/10/22-19:15 [main] INFO  org.apache.catalina.core.AprLifecycleListener- APR capabilities: IPv6 [true], sendfile [true], accept filters [false], random [true].
2020/10/22-19:15 [main] INFO  org.apache.catalina.core.AprLifecycleListener- APR/OpenSSL configuration: useAprConnector [false], useOpenSSL [true]
2020/10/22-19:15 [main] INFO  org.apache.catalina.core.AprLifecycleListener- OpenSSL successfully initialized [OpenSSL 1.1.1g  21 Apr 2020]
2020/10/22-19:15 [main] INFO  org.apache.catalina.core.ContainerBase.[Tomcat].[localhost].[/]- Initializing Spring embedded WebApplicationContext
2020/10/22-19:15 [main] INFO  org.springframework.web.context.ContextLoader- Root WebApplicationContext: initialization completed in 1103 ms
2020/10/22-19:15 [main] INFO  org.springframework.scheduling.concurrent.ThreadPoolTaskExecutor- Initializing ExecutorService 'applicationTaskExecutor'
2020/10/22-19:15 [main] INFO  org.springframework.boot.autoconfigure.web.servlet.WelcomePageHandlerMapping- Adding welcome page template: index
2020/10/22-19:15 [main] INFO  org.springframework.boot.web.embedded.tomcat.TomcatWebServer- Tomcat started on port(s): 10808 (http) with context path ''
2020/10/22-19:15 [main] INFO  com.juhe.my01.web.SpringBootAppcationRun- Started SpringBootAppcationRun in 1.963 seconds (JVM running for 2.743)
2020/10/22-19:15 [http-nio-10808-exec-1] INFO  org.apache.catalina.core.ContainerBase.[Tomcat].[localhost].[/]- Initializing Spring DispatcherServlet 'dispatcherServlet'
2020/10/22-19:15 [http-nio-10808-exec-1] INFO  org.springframework.web.servlet.DispatcherServlet- Initializing Servlet 'dispatcherServlet'
2020/10/22-19:15 [http-nio-10808-exec-1] INFO  org.springframework.web.servlet.DispatcherServlet- Completed initialization in 3 ms
